
Discarded input sections

 .data          0x0000000000000000        0x0 arch/arm/cpu/armv8/start.o
 .bss           0x0000000000000000        0x0 arch/arm/cpu/armv8/start.o
 .text.sdelay   0x0000000000000000        0xc arch/arm/cpu/armv8/built-in.o
 .text.timer_read_counter
                0x0000000000000000        0xc arch/arm/cpu/armv8/built-in.o
 .text.usec2ticks
                0x0000000000000000       0x44 arch/arm/cpu/armv8/built-in.o
 .text.arch_get_page_table
                0x0000000000000000       0x20 arch/arm/cpu/armv8/built-in.o
 .text.psci_update_dt
                0x0000000000000000        0x8 arch/arm/cpu/armv8/built-in.o
 .data          0x0000000000000000        0x0 arch/arm/cpu/armv8/built-in.o
 .bss           0x0000000000000000        0x0 arch/arm/cpu/armv8/built-in.o
 .text.armv7_boot_nonsec_default
                0x0000000000000000        0x8 arch/arm/lib/built-in.o
 .text.reset_misc
                0x0000000000000000        0x4 arch/arm/lib/built-in.o
 .text.enable_caches
                0x0000000000000000        0xc arch/arm/lib/built-in.o
 .text.invalidate_dcache_range
                0x0000000000000000        0x4 arch/arm/lib/built-in.o
 .text.flush_dcache_range
                0x0000000000000000        0x4 arch/arm/lib/built-in.o
 .text.flush_dcache_all
                0x0000000000000000        0xc arch/arm/lib/built-in.o
 .text.check_cache_range
                0x0000000000000000       0x40 arch/arm/lib/built-in.o
 .text.fdt_psci
                0x0000000000000000        0x8 arch/arm/lib/built-in.o
 .data          0x0000000000000000        0x0 arch/arm/lib/built-in.o
 .__secure_end  0x0000000000000000        0x0 arch/arm/lib/built-in.o
 .__secure_stack_start
                0x0000000000000000        0x0 arch/arm/lib/built-in.o
 .__secure_stack_end
                0x0000000000000000        0x0 arch/arm/lib/built-in.o
 .__end         0x0000000000000000        0x0 arch/arm/lib/built-in.o
 .__secure_start
                0x0000000000000000        0x0 arch/arm/lib/built-in.o
 .bss           0x0000000000000000        0x0 arch/arm/lib/built-in.o
 .text          0x0000000000000000        0x0 arch/arm/mach-mvebu/built-in.o
 .text.get_cpu_clk_src_div
                0x0000000000000000       0x54 arch/arm/mach-mvebu/built-in.o
 .text.soc_tclk_get
                0x0000000000000000        0x8 arch/arm/mach-mvebu/built-in.o
 .text.soc_l2_clk_get
                0x0000000000000000        0x8 arch/arm/mach-mvebu/built-in.o
 .text.soc_timer_clk_get
                0x0000000000000000        0x8 arch/arm/mach-mvebu/built-in.o
 .text.board_ahci_enable
                0x0000000000000000        0x8 arch/arm/mach-mvebu/built-in.o
 .data          0x0000000000000000        0x0 arch/arm/mach-mvebu/built-in.o
 .bss           0x0000000000000000        0x0 arch/arm/mach-mvebu/built-in.o
 .text          0x0000000000000000        0x0 board/Marvell/mvebu_armada-37xx/built-in.o
 .data          0x0000000000000000        0x0 board/Marvell/mvebu_armada-37xx/built-in.o
 .bss           0x0000000000000000        0x0 board/Marvell/mvebu_armada-37xx/built-in.o
 .text          0x0000000000000000        0x0 cmd/built-in.o
 .text.invalidate_icache_all
                0x0000000000000000        0xc cmd/built-in.o
 .text.flush_dcache_all
                0x0000000000000000        0xc cmd/built-in.o
 .text.name_to_gpio
                0x0000000000000000       0x1c cmd/built-in.o
 .text.i2c_init_board
                0x0000000000000000        0x4 cmd/built-in.o
 .data          0x0000000000000000        0x0 cmd/built-in.o
 .bss           0x0000000000000000        0x0 cmd/built-in.o
 .text          0x0000000000000000        0x0 common/built-in.o
 .text.hash_progressive_lookup_algo
                0x0000000000000000       0x88 common/built-in.o
 .text.hash_parse_string
                0x0000000000000000       0x78 common/built-in.o
 .text.hash_block
                0x0000000000000000       0x78 common/built-in.o
 .text.unset_local_var
                0x0000000000000000       0xbc common/built-in.o
 .text.arch_cpu_init
                0x0000000000000000        0x8 common/built-in.o
 .text.coloured_LED_init
                0x0000000000000000        0x4 common/built-in.o
 .text.red_led_on
                0x0000000000000000        0x4 common/built-in.o
 .text.red_led_off
                0x0000000000000000        0x4 common/built-in.o
 .text.green_led_on
                0x0000000000000000        0x4 common/built-in.o
 .text.green_led_off
                0x0000000000000000        0x4 common/built-in.o
 .text.yellow_led_on
                0x0000000000000000        0x4 common/built-in.o
 .text.yellow_led_off
                0x0000000000000000        0x4 common/built-in.o
 .text.blue_led_on
                0x0000000000000000        0x4 common/built-in.o
 .text.blue_led_off
                0x0000000000000000        0x4 common/built-in.o
 .text.dram_init_banksize
                0x0000000000000000       0x2c common/built-in.o
[...]
Memory Configuration

Name             Origin             Length             Attributes
*default*        0x0000000000000000 0xffffffffffffffff

Linker script and memory map

Address of section .text set to 0x0
                0x0000000000000000                . = 0x0
                0x0000000000000000                . = ALIGN (0x8)

.text           0x0000000000000000    0x5e3a4
 *(.__image_copy_start)
 .__image_copy_start
                0x0000000000000000        0x0 arch/arm/lib/built-in.o
                0x0000000000000000                __image_copy_start
 arch/arm/cpu/armv8/start.o(.text*)
 .text          0x0000000000000000      0x100 arch/arm/cpu/armv8/start.o
                0x0000000000000000                _start
                0x0000000000000008                _TEXT_BASE
                0x0000000000000010                _end_ofs
                0x0000000000000018                _bss_start_ofs
                0x0000000000000020                _bss_end_ofs
                0x000000000000002c                save_boot_params_ret
                0x000000000000008c                apply_core_errata
                0x00000000000000b0                lowlevel_init
                0x00000000000000bc                smp_kick_all_cpus
                0x00000000000000c0                c_runtime_cpu_setup
                0x00000000000000f8                save_boot_params
 *(.text*)
 *fill*         0x0000000000000100      0x700 
 .text          0x0000000000000800     0x13e0 arch/arm/cpu/armv8/built-in.o
                0x0000000000000800                vectors
                0x0000000000001800                __asm_dcache_level
                0x0000000000001864                __asm_dcache_all
                0x00000000000018c4                __asm_flush_dcache_all
                0x00000000000018cc                __asm_invalidate_dcache_all
                0x00000000000018d4                __asm_flush_dcache_range
                0x0000000000001908                __asm_invalidate_icache_all
                0x0000000000001914                __asm_invalidate_l3_dcache
                0x000000000000191c                __asm_flush_l3_dcache
                0x0000000000001924                __asm_invalidate_l3_icache
                0x000000000000192c                __asm_switch_ttbr
                0x0000000000001a0c                __asm_invalidate_tlb_all
                0x0000000000001a58                armv8_switch_to_el2
                0x0000000000001ae4                armv8_switch_to_el1
                0x0000000000001b88                armv8_el2_to_aarch32
 .text.cleanup_before_linux
                0x0000000000001be0       0x28 arch/arm/cpu/armv8/built-in.o
                0x0000000000001be0                cleanup_before_linux
 .text.get_tbclk
                0x0000000000001c08        0x8 arch/arm/cpu/armv8/built-in.o
                0x0000000000001c08                get_tbclk
 .text.get_ticks
                0x0000000000001c10       0x10 arch/arm/cpu/armv8/built-in.o
                0x0000000000001c10                get_ticks
 .text.count_required_pts
                0x0000000000001c20       0xf8 arch/arm/cpu/armv8/built-in.o
 .text.create_table
                0x0000000000001d18       0x70 arch/arm/cpu/armv8/built-in.o
 .text.split_block
                0x0000000000001d88       0x90 arch/arm/cpu/armv8/built-in.o
 .text.get_tcr  0x0000000000001e18       0xe4 arch/arm/cpu/armv8/built-in.o
                0x0000000000001e18                get_tcr
 .text.find_pte
                0x0000000000001efc       0x8c arch/arm/cpu/armv8/built-in.o
 .text.get_page_table_size
                0x0000000000001f88       0x48 arch/arm/cpu/armv8/built-in.o
                0x0000000000001f88                get_page_table_size
 .text.setup_pgtables
                0x0000000000001fd0      0x160 arch/arm/cpu/armv8/built-in.o
                0x0000000000001fd0                setup_pgtables
 .text.mmu_setup
                0x0000000000002130      0x140 arch/arm/cpu/armv8/built-in.o
                0x0000000000002130                mmu_setup
 .text.invalidate_dcache_all
                0x0000000000002270       0x14 arch/arm/cpu/armv8/built-in.o
                0x0000000000002270                invalidate_dcache_all
 .text.flush_dcache_all
                0x0000000000002284       0x14 arch/arm/cpu/armv8/built-in.o
                0x0000000000002284                flush_dcache_all
 .text.invalidate_dcache_range
                0x0000000000002298        0x4 arch/arm/cpu/armv8/built-in.o
                0x0000000000002298                invalidate_dcache_range
 .text.flush_dcache_range
                0x000000000000229c        0x4 arch/arm/cpu/armv8/built-in.o
                0x000000000000229c                flush_dcache_range
 .text.dcache_enable
                0x00000000000022a0       0xac arch/arm/cpu/armv8/built-in.o
                0x00000000000022a0                dcache_enable
 .text.dcache_disable
                0x000000000000234c       0x84 arch/arm/cpu/armv8/built-in.o
                0x000000000000234c                dcache_disable
 .text.dcache_status
                0x00000000000023d0       0x34 arch/arm/cpu/armv8/built-in.o
                0x00000000000023d0                dcache_status
 .text.mmu_set_region_dcache_behaviour
                0x0000000000002404      0x118 arch/arm/cpu/armv8/built-in.o
                0x0000000000002404                mmu_set_region_dcache_behaviour
 .text.icache_disable
                0x000000000000251c       0x64 arch/arm/cpu/armv8/built-in.o
                0x000000000000251c                icache_disable
 .text.icache_status
                0x0000000000002580       0x34 arch/arm/cpu/armv8/built-in.o
                0x0000000000002580                icache_status
 .text.invalidate_icache_all
                0x00000000000025b4       0x14 arch/arm/cpu/armv8/built-in.o
                0x00000000000025b4                invalidate_icache_all
 .text.icache_enable
                0x00000000000025c8       0x74 arch/arm/cpu/armv8/built-in.o
                0x00000000000025c8                icache_enable
 .text.enable_caches
                0x000000000000263c       0x14 arch/arm/cpu/armv8/built-in.o
                0x000000000000263c                enable_caches
 .text.reset_misc
                0x0000000000002650        0xc arch/arm/cpu/armv8/built-in.o
                0x0000000000002650                reset_misc
 *fill*         0x000000000000265c        0x4 
 .text          0x0000000000002660      0x1b4 arch/arm/lib/built-in.o
                0x0000000000002660                _main
                0x00000000000026e8                relocate_code
                0x00000000000027c0                ccn504_add_masters_to_dvm
                0x00000000000027dc                ccn504_set_qos
                0x00000000000027f0                ccn504_set_aux
                0x0000000000002804                gic_init_secure
                0x0000000000002808                gic_init_secure_percpu
                0x000000000000280c                gic_kick_secondary_cpus
                0x0000000000002810                gic_wait_for_interrupt
 .text.arch_fixup_fdt
                0x0000000000002814       0x4c arch/arm/lib/built-in.o
                0x0000000000002814                arch_fixup_fdt
 .text.arch_lmb_reserve
                0x0000000000002860       0x24 arch/arm/lib/built-in.o
                0x0000000000002860                arch_lmb_reserve
 .text.board_quiesce_devices
                0x0000000000002884        0x4 arch/arm/lib/built-in.o
                0x0000000000002884                board_quiesce_devices
 .text.setup_board_tags
                0x0000000000002888        0x4 arch/arm/lib/built-in.o
                0x0000000000002888                setup_board_tags
 .text.boot_prep_linux
                0x000000000000288c      0x1b4 arch/arm/lib/built-in.o
 .text.update_os_arch_secondary_cores
                0x0000000000002a40        0x4 arch/arm/lib/built-in.o
                0x0000000000002a40                update_os_arch_secondary_cores
 .text.boot_jump_linux
                0x0000000000002a44       0xc8 arch/arm/lib/built-in.o
 .text.do_bootm_linux
                0x0000000000002b0c       0x7c arch/arm/lib/built-in.o
                0x0000000000002b0c                do_bootm_linux
 .text.boot_prep_vxworks
                0x0000000000002b88       0x50 arch/arm/lib/built-in.o
                0x0000000000002b88                boot_prep_vxworks
 .text.boot_jump_vxworks
                0x0000000000002bd8        0xc arch/arm/lib/built-in.o
                0x0000000000002bd8                boot_jump_vxworks
 .text.arch_reserve_stacks
                0x0000000000002be4       0x10 arch/arm/lib/built-in.o
                0x0000000000002be4                arch_reserve_stacks
 .text.interrupt_init
                0x0000000000002bf4        0x8 arch/arm/lib/built-in.o
                0x0000000000002bf4                interrupt_init
 .text.enable_interrupts
                0x0000000000002bfc        0x4 arch/arm/lib/built-in.o
                0x0000000000002bfc                enable_interrupts
 .text.disable_interrupts
                0x0000000000002c00        0x8 arch/arm/lib/built-in.o
                0x0000000000002c00                disable_interrupts
 .text.show_regs
                0x0000000000002c08       0x80 arch/arm/lib/built-in.o
                0x0000000000002c08                show_regs
 .text.do_bad_sync
                0x0000000000002c88       0x3c arch/arm/lib/built-in.o
                0x0000000000002c88                do_bad_sync
 .text.do_bad_irq
                0x0000000000002cc4       0x3c arch/arm/lib/built-in.o
                0x0000000000002cc4                do_bad_irq
 .text.do_bad_fiq
                0x0000000000002d00       0x3c arch/arm/lib/built-in.o
                0x0000000000002d00                do_bad_fiq
 .text.do_bad_error
                0x0000000000002d3c       0x3c arch/arm/lib/built-in.o
                0x0000000000002d3c                do_bad_error
 .text.do_sync  0x0000000000002d78       0x3c arch/arm/lib/built-in.o
                0x0000000000002d78                do_sync
 .text.do_irq   0x0000000000002db4       0x3c arch/arm/lib/built-in.o
                0x0000000000002db4                do_irq
 .text.do_fiq   0x0000000000002df0       0x3c arch/arm/lib/built-in.o
                0x0000000000002df0                do_fiq
 .text.do_error
                0x0000000000002e2c       0x3c arch/arm/lib/built-in.o
                0x0000000000002e2c                do_error
 .text.do_reset
                0x0000000000002e68       0x38 arch/arm/lib/built-in.o
                0x0000000000002e68                do_reset
 .text.flush_cache
                0x0000000000002ea0        0x8 arch/arm/lib/built-in.o
                0x0000000000002ea0                flush_cache
 .text.reset_cpu
                0x0000000000002ea8       0x18 arch/arm/mach-mvebu/built-in.o
                0x0000000000002ea8                reset_cpu
 .text.get_ref_clk
                0x0000000000002ec0       0x28 arch/arm/mach-mvebu/built-in.o
                0x0000000000002ec0                get_ref_clk
 .text.print_cpuinfo
                0x0000000000002ee8       0x18 arch/arm/mach-mvebu/built-in.o
                0x0000000000002ee8                print_cpuinfo
 .text.mvebu_dram_init
                0x0000000000002f00      0x124 arch/arm/mach-mvebu/built-in.o
                0x0000000000002f00                mvebu_dram_init
 .text.mvebu_dram_init_banksize
                0x0000000000003024      0x194 arch/arm/mach-mvebu/built-in.o
                0x0000000000003024                mvebu_dram_init_banksize
 .text.get_tbg_clk
                0x00000000000031b8       0xe0 arch/arm/mach-mvebu/built-in.o
 .text.soc_cpu_clk_get
                0x0000000000003298       0x70 arch/arm/mach-mvebu/built-in.o
                0x0000000000003298                soc_cpu_clk_get
 .text.soc_ddr_clk_get
                0x0000000000003308       0x44 arch/arm/mach-mvebu/built-in.o
                0x0000000000003308                soc_ddr_clk_get
 .text.soc_print_clock_info
                0x000000000000334c       0x54 arch/arm/mach-mvebu/built-in.o
                0x000000000000334c                soc_print_clock_info
 .text.get_memory_reg_prop
                0x00000000000033a0       0x54 arch/arm/mach-mvebu/built-in.o
 .text.board_get_usable_ram_top
                0x00000000000033f4       0x18 arch/arm/mach-mvebu/built-in.o
                0x00000000000033f4                board_get_usable_ram_top
 .text.mvebu_mbus_dram_info
                0x000000000000340c        0x8 arch/arm/mach-mvebu/built-in.o
                0x000000000000340c                mvebu_mbus_dram_info
 .text.dram_init
                0x0000000000003414        0x4 arch/arm/mach-mvebu/built-in.o
                0x0000000000003414                dram_init
 .text.dram_init_banksize
                0x0000000000003418        0x4 arch/arm/mach-mvebu/built-in.o
                0x0000000000003418                dram_init_banksize
 .text.arch_cpu_init
                0x000000000000341c        0x8 arch/arm/mach-mvebu/built-in.o
                0x000000000000341c                arch_cpu_init
 .text.arch_early_init_r
                0x0000000000003424       0x84 arch/arm/mach-mvebu/built-in.o
                0x0000000000003424                arch_early_init_r
 .text.mvebu_ahci_probe
                0x00000000000034a8       0x30 arch/arm/mach-mvebu/built-in.o
 .text.get_info
                0x00000000000034d8       0x4c arch/arm/mach-mvebu/built-in.o
                0x00000000000034d8                get_info
 .text.sys_info_init
                0x0000000000003524       0x68 arch/arm/mach-mvebu/built-in.o
                0x0000000000003524                sys_info_init
 .text.board_early_init_f
                0x000000000000358c       0x18 board/Marvell/mvebu_armada-37xx/built-in.o
                0x000000000000358c                board_early_init_f
 .text.board_usb3_vbus_init
                0x00000000000035a4       0x6c board/Marvell/mvebu_armada-37xx/built-in.o
                0x00000000000035a4                board_usb3_vbus_init
 .text.board_init
                0x0000000000003610      0x120 board/Marvell/mvebu_armada-37xx/built-in.o
                0x0000000000003610                board_init
 .text.board_ahci_enable
                0x0000000000003730       0x70 board/Marvell/mvebu_armada-37xx/built-in.o
                0x0000000000003730                board_ahci_enable
 .text.do_go_exec
                0x00000000000037a0       0x10 cmd/built-in.o
                0x00000000000037a0                do_go_exec
 .text.do_go    0x00000000000037b0       0x84 cmd/built-in.o
 .text.do_bootm
                0x0000000000003834      0x110 cmd/built-in.o
                0x0000000000003834                do_bootm
 .text.do_bootd
                0x0000000000003944       0x2c cmd/built-in.o
                0x0000000000003944                do_bootd
 .text.image_info
                0x0000000000003970       0xdc cmd/built-in.o
 .text.do_iminfo
                0x0000000000003a4c       0x74 cmd/built-in.o
 .text.bootm_maybe_autostart
                0x0000000000003ac0       0x74 cmd/built-in.o
                0x0000000000003ac0                bootm_maybe_autostart
 .text.do_help  0x0000000000003b34       0x3c cmd/built-in.o
 .text.do_version
                0x0000000000003b70       0x48 cmd/built-in.o
 .text.source   0x0000000000003bb8       0xf0 cmd/built-in.o
                0x0000000000003bb8                source
 .text.do_source
                0x0000000000003ca8       0x54 cmd/built-in.o
 .text.print_num
                0x0000000000003cfc       0x14 cmd/built-in.o
 .text.do_bdinfo
                0x0000000000003d10      0x11c cmd/built-in.o
 .text.do_blkcache
                0x0000000000003e2c       0x80 cmd/built-in.o
 .text.blkc_configure
                0x0000000000003eac       0x78 cmd/built-in.o
 .text.blkc_show
                0x0000000000003f24       0x34 cmd/built-in.o
 .text.bootefi_open_dp
                0x0000000000003f58       0x14 cmd/built-in.o
 .text.efi_run_in_el2
                0x0000000000003f6c       0x3c cmd/built-in.o
 .text.do_bootefi_exec
                0x0000000000003fa8      0x2f8 cmd/built-in.o
 .text.do_bootefi
                0x00000000000042a0       0xa4 cmd/built-in.o
 .text.efi_set_bootdev
                0x0000000000004344      0x194 cmd/built-in.o
                0x0000000000004344                efi_set_bootdev
 .text.do_booti
                0x00000000000044d8      0x16c cmd/built-in.o
                0x00000000000044d8                do_booti
 .text.parse_argv
                0x0000000000004644       0x64 cmd/built-in.o
 .text.do_icache
                0x00000000000046a8       0x94 cmd/built-in.o
 .text.do_dcache
                0x000000000000473c       0x94 cmd/built-in.o
 .text.do_coninfo
                0x00000000000047d0       0xe4 cmd/built-in.o
 .text.do_echo  0x00000000000048b4       0xdc cmd/built-in.o
 .text.load_elf_image_shdr
                0x0000000000004990       0xa8 cmd/built-in.o
 .text.valid_elf_image
                0x0000000000004a38       0x54 cmd/built-in.o
                0x0000000000004a38                valid_elf_image
 .text.do_bootelf
                0x0000000000004a8c      0x190 cmd/built-in.o
                0x0000000000004a8c                do_bootelf
 .text.do_bootvx
                0x0000000000004c1c      0x370 cmd/built-in.o
                0x0000000000004c1c                do_bootvx
 .text.do_exit  0x0000000000004f8c       0x40 cmd/built-in.o
 .text.do_ext4_size
                0x0000000000004fcc        0x8 cmd/built-in.o
                0x0000000000004fcc                do_ext4_size
 .text.do_ext4_load
                0x0000000000004fd4        0x8 cmd/built-in.o
                0x0000000000004fd4                do_ext4_load
 .text.do_ext4_ls
                0x0000000000004fdc        0x8 cmd/built-in.o
                0x0000000000004fdc                do_ext4_ls
 .text.do_ext4_write
                0x0000000000004fe4        0x8 cmd/built-in.o
                0x0000000000004fe4                do_ext4_write
 .text.do_fat_size
                0x0000000000004fec        0x8 cmd/built-in.o
                0x0000000000004fec                do_fat_size
 .text.do_fat_fsload
                0x0000000000004ff4        0x8 cmd/built-in.o
                0x0000000000004ff4                do_fat_fsload
 .text.do_fat_ls
                0x0000000000004ffc        0x8 cmd/built-in.o
 .text.do_fat_fsinfo
                0x0000000000005004       0x98 cmd/built-in.o
 .text.fdt_valid
                0x000000000000509c       0xcc cmd/built-in.o
 .text.is_printable_string
                0x0000000000005168       0xa0 cmd/built-in.o
 .text.print_data
                0x0000000000005208      0x1b4 cmd/built-in.o
 .text.set_working_fdt_addr
                0x00000000000053bc       0x18 cmd/built-in.o
                0x00000000000053bc                set_working_fdt_addr
 .text.do_fdt   0x00000000000053d4      0xea4 cmd/built-in.o
 .text.do_size_wrapper
                0x0000000000006278        0x8 cmd/built-in.o
 .text.do_load_wrapper
                0x0000000000006280       0x80 cmd/built-in.o
 .text.do_save_wrapper
                0x0000000000006300        0x8 cmd/built-in.o
 .text.do_ls_wrapper
                0x0000000000006308        0x8 cmd/built-in.o
 .text.do_fstype_wrapper
                0x0000000000006310        0x4 cmd/built-in.o
 .text.gpio_get_description
                0x0000000000006314       0xd4 cmd/built-in.o
 .text.do_gpio  0x00000000000063e8      0x368 cmd/built-in.o
 .text.do_i2c   0x0000000000006750       0x80 cmd/built-in.o
 .text.i2c_get_cur_bus
                0x00000000000067d0       0x38 cmd/built-in.o
 .text.do_i2c_bus_speed
                0x0000000000006808       0xac cmd/built-in.o
 .text.do_i2c_reset
                0x00000000000068b4       0x44 cmd/built-in.o
 .text.i2c_get_cur_bus_chip
                0x00000000000068f8       0x40 cmd/built-in.o
 .text.do_i2c_olen
                0x0000000000006938       0xb8 cmd/built-in.o
 .text.do_i2c_flags
                0x00000000000069f0       0xc0 cmd/built-in.o
 .text.do_i2c_probe
                0x0000000000006ab0       0xc8 cmd/built-in.o
 .text.do_i2c_bus_num
                0x0000000000006b78       0xb0 cmd/built-in.o
 .text.show_bus
                0x0000000000006c28       0x98 cmd/built-in.o
 .text.do_i2c_show_bus
                0x0000000000006cc0       0xbc cmd/built-in.o
 .text.get_alen.constprop.4
                0x0000000000006d7c       0x38 cmd/built-in.o
 .text.do_i2c_crc
                0x0000000000006db4      0x180 cmd/built-in.o
 .text.mod_i2c_mem.isra.1
                0x0000000000006f34      0x258 cmd/built-in.o
 .text.do_i2c_nm
                0x000000000000718c        0x8 cmd/built-in.o
 .text.do_i2c_mm
                0x0000000000007194        0x8 cmd/built-in.o
 .text.do_i2c_md
                0x000000000000719c      0x220 cmd/built-in.o
 .text.do_i2c_read
                0x00000000000073bc      0x10c cmd/built-in.o
 .text.do_i2c_mw
                0x00000000000074c8      0x13c cmd/built-in.o
 .text.do_i2c_write
                0x0000000000007604      0x1b0 cmd/built-in.o
 .text.do_i2c_loop
                0x00000000000077b4      0x148 cmd/built-in.o
 .text.evalexp  0x00000000000078fc       0x90 cmd/built-in.o
 .text.evalstr  0x000000000000798c       0x68 cmd/built-in.o
 .text.binary_test
                0x00000000000079f4      0x1ac cmd/built-in.o
 .text.do_itest
                0x0000000000007ba0       0x90 cmd/built-in.o
 .text.bin_data_init
                0x0000000000007c30       0x1c cmd/built-in.o
 .text.k_data_save
                0x0000000000007c4c       0x34 cmd/built-in.o
 .text.k_data_restore
                0x0000000000007c80       0x34 cmd/built-in.o
 .text.getcxmodem
                0x0000000000007cb4       0x24 cmd/built-in.o
 .text.load_serial_ymodem
                0x0000000000007cd8       0xec cmd/built-in.o
 .text.bin_data_char
                0x0000000000007dc4       0x28 cmd/built-in.o
 .text.chk1.constprop.1
                0x0000000000007dec       0x34 cmd/built-in.o
 .text.s1_sendpacket.constprop.2
                0x0000000000007e20       0x60 cmd/built-in.o
 .text.load_serial
                0x0000000000007e80      0x1f0 cmd/built-in.o
 .text.do_load_serial
                0x0000000000008070       0xe8 cmd/built-in.o
 .text.do_load_serial_bin
                0x0000000000008158      0x7cc cmd/built-in.o
 .text.do_mem_base
                0x0000000000008924       0x4c cmd/built-in.o
 .text.do_ir    0x0000000000008970      0x218 cmd/built-in.o
                0x0000000000008970                do_ir
 .text.do_mem_cmp
                0x0000000000008b88      0x1ac cmd/built-in.o
 .text.do_mem_loop
                0x0000000000008d34      0x144 cmd/built-in.o
 .text.do_mem_md
                0x0000000000008e78       0xec cmd/built-in.o
 .text.do_mem_mw
                0x0000000000008f64      0x100 cmd/built-in.o
 .text.do_mem_cp
                0x0000000000009064       0xc8 cmd/built-in.o
 .text.do_mem_crc
                0x000000000000912c       0x30 cmd/built-in.o
 .text.mod_mem.isra.0
                0x000000000000915c      0x1d4 cmd/built-in.o
 .text.do_mem_mm
                0x0000000000009330        0x8 cmd/built-in.o
 .text.do_mem_nm
                0x0000000000009338        0x8 cmd/built-in.o
 .text.do_mem_mtest
                0x0000000000009340      0x554 cmd/built-in.o
 .text.extract_range
                0x0000000000009894       0xf8 cmd/built-in.o
 .text.do_mii   0x000000000000998c      0x8ec cmd/built-in.o
 .text.do_mdio  0x000000000000a278      0x4b4 cmd/built-in.o
 .text.do_sleep
                0x000000000000a72c       0xe0 cmd/built-in.o
 .text.do_mmcops
                0x000000000000a80c       0xd4 cmd/built-in.o
 .text.init_mmc_device
                0x000000000000a8e0       0x64 cmd/built-in.o
 .text.do_mmc_rescan
                0x000000000000a944       0x28 cmd/built-in.o
 .text.do_mmc_hwpartition
                0x000000000000a96c      0x50c cmd/built-in.o
 .text.do_mmc_list
                0x000000000000ae78       0x1c cmd/built-in.o
 .text.do_mmc_dev
                0x000000000000ae94      0x150 cmd/built-in.o
 .text.do_mmc_part
                0x000000000000afe4       0x6c cmd/built-in.o
 .text.do_mmc_erase
                0x000000000000b050      0x108 cmd/built-in.o
 .text.do_mmc_write
                0x000000000000b158      0x120 cmd/built-in.o
 .text.do_mmc_read
                0x000000000000b278      0x108 cmd/built-in.o
 .text.do_mmcinfo
                0x000000000000b380      0x38c cmd/built-in.o
 .text.do_mmc_setdsr
                0x000000000000b70c       0xbc cmd/built-in.o
 .text.netboot_common
                0x000000000000b7c8      0x270 cmd/built-in.o
 .text.do_bootp
                0x000000000000ba38        0xc cmd/built-in.o
 .text.do_dhcp  0x000000000000ba44        0xc cmd/built-in.o
 .text.do_nfs   0x000000000000ba50        0xc cmd/built-in.o
 .text.do_tftpb
                0x000000000000ba5c       0x58 cmd/built-in.o
                0x000000000000ba5c                do_tftpb
 .text.do_ping  0x000000000000bab4       0x7c cmd/built-in.o
 .text.do_part_list
                0x000000000000bb30      0x190 cmd/built-in.o
 .text.do_part_start
                0x000000000000bcc0       0xd4 cmd/built-in.o
 .text.do_part_size
                0x000000000000bd94       0xd4 cmd/built-in.o
 .text.do_part  0x000000000000be68      0x118 cmd/built-in.o
 .text.pci_show_regs
                0x000000000000bf80       0xac cmd/built-in.o
 .text.pci_cfg_modify.isra.0
                0x000000000000c02c      0x138 cmd/built-in.o
 .text.pci_bar_show
                0x000000000000c164      0x1e4 cmd/built-in.o
                0x000000000000c164                pci_bar_show
 .text.pci_header_show
                0x000000000000c348       0xd4 cmd/built-in.o
                0x000000000000c348                pci_header_show
 .text.pciinfo_header
                0x000000000000c41c       0x50 cmd/built-in.o
                0x000000000000c41c                pciinfo_header
 .text.do_pci   0x000000000000c46c      0x4f4 cmd/built-in.o
 .text.bytes_per_second
                0x000000000000c960       0x4c cmd/built-in.o
 .text.spi_flash_update
                0x000000000000c9ac      0x258 cmd/built-in.o
                0x000000000000c9ac                spi_flash_update
 .text.do_spi_flash
                0x000000000000cc04      0x5ac cmd/built-in.o
 .text.do_scsi  0x000000000000d1b0      0x368 cmd/built-in.o
 .text.do_scsiboot
                0x000000000000d518        0xc cmd/built-in.o
 .text.common_diskboot
                0x000000000000d524      0x23c cmd/built-in.o
                0x000000000000d524                common_diskboot
 .text.do_spi   0x000000000000d760      0x2b4 cmd/built-in.o
                0x000000000000d760                do_spi
 .text.do_time  0x000000000000da14       0xbc cmd/built-in.o
 .text.do_false
                0x000000000000dad0        0x8 cmd/built-in.o
 .text.do_true  0x000000000000dad8        0x8 cmd/built-in.o
 .text.do_test  0x000000000000dae0      0x328 cmd/built-in.o
 .text.usb_get_class_desc
                0x000000000000de08       0xc0 cmd/built-in.o
 .text.usb_display_class_sub
                0x000000000000dec8      0x18c cmd/built-in.o
 .text.usb_show_tree_graph
                0x000000000000e054      0x1f0 cmd/built-in.o
 .text.usb_show_subtree
                0x000000000000e244       0x38 cmd/built-in.o
 .text.usb_for_each_root_dev
                0x000000000000e27c       0x68 cmd/built-in.o
 .text.usb_display_string
                0x000000000000e2e4       0x4c cmd/built-in.o
 .text.usb_display_config
                0x000000000000e330      0x258 cmd/built-in.o
 .text.usb_find_device
                0x000000000000e588       0xb4 cmd/built-in.o
 .text.do_usbboot
                0x000000000000e63c        0xc cmd/built-in.o
 .text.usb_display_desc.part.1
                0x000000000000e648      0x114 cmd/built-in.o
 .text.do_usb_start
                0x000000000000e75c       0x30 cmd/built-in.o
 .text.usb_show_info
                0x000000000000e78c       0x68 cmd/built-in.o
 .text.usb_show_tree
                0x000000000000e7f4        0xc cmd/built-in.o
                0x000000000000e7f4                usb_show_tree
 .text.do_usb   0x000000000000e800      0x754 cmd/built-in.o
 .text.do_imgextract
                0x000000000000ef54      0x2a8 cmd/built-in.o
 .text.do_env_delete
                0x000000000000f1fc       0xc0 cmd/built-in.o
 .text.do_env_exists
                0x000000000000f2bc       0x60 cmd/built-in.o
 .text.do_env_save
                0x000000000000f31c       0x30 cmd/built-in.o
 .text.do_env   0x000000000000f34c       0x80 cmd/built-in.o
 .text.env_print
                0x000000000000f3cc       0xc8 cmd/built-in.o
 .text.do_env_print
                0x000000000000f494       0xe4 cmd/built-in.o
 .text.do_env_import
                0x000000000000f578      0x270 cmd/built-in.o
 .text.do_env_default
                0x000000000000f7e8       0x98 cmd/built-in.o
 .text._do_env_set.isra.0
                0x000000000000f880      0x1c8 cmd/built-in.o
 .text.do_env_set
                0x000000000000fa48       0x20 cmd/built-in.o
 .text.get_env_id
                0x000000000000fa68        0xc cmd/built-in.o
                0x000000000000fa68                get_env_id
 .text.setenv   0x000000000000fa74       0x58 cmd/built-in.o
                0x000000000000fa74                setenv
 .text.setenv_ulong
                0x000000000000facc       0x2c cmd/built-in.o
                0x000000000000facc                setenv_ulong
 .text.setenv_hex
                0x000000000000faf8       0x3c cmd/built-in.o
                0x000000000000faf8                setenv_hex
 .text.do_env_export
                0x000000000000fb34      0x248 cmd/built-in.o
 .text.envmatch
                0x000000000000fd7c       0x88 cmd/built-in.o
                0x000000000000fd7c                envmatch
 .text.getenv_f
                0x000000000000fe04       0xf0 cmd/built-in.o
                0x000000000000fe04                getenv_f
 .text.getenv   0x000000000000fef4       0x74 cmd/built-in.o
                0x000000000000fef4                getenv
 .text.getenv_hex
                0x000000000000ff68       0x48 cmd/built-in.o
                0x000000000000ff68                getenv_hex
 .text.getenv_ulong
                0x000000000000ffb0       0x40 cmd/built-in.o
                0x000000000000ffb0                getenv_ulong
 .text.do_env_edit.part.2
                0x000000000000fff0       0xb8 cmd/built-in.o
 .text.do_env_edit
                0x00000000000100a8       0x24 cmd/built-in.o
 .text.nand_burn_image
                0x00000000000100cc        0x8 cmd/built-in.o
 .text.is_nand_active
                0x00000000000100d4        0x8 cmd/built-in.o
 .text.is_tftp_active
                0x00000000000100dc        0x8 cmd/built-in.o
 .text.bubt_is_dev_active
                0x00000000000100e4       0x64 cmd/built-in.o
 .text.get_load_addr
                0x0000000000010148       0x34 cmd/built-in.o
 .text.spi_burn_image
                0x000000000001017c       0x94 cmd/built-in.o
 .text.mmc_burn_image
                0x0000000000010210      0x160 cmd/built-in.o
 .text.mmc_read_file
                0x0000000000010370       0xcc cmd/built-in.o
 .text.usb_read_file
                0x000000000001043c       0xb4 cmd/built-in.o
 .text.tftp_read_file
                0x00000000000104f0       0x30 cmd/built-in.o
 .text.check_image_header
                0x0000000000010520      0x1c8 cmd/built-in.o
 .text.is_usb_active
                0x00000000000106e8        0x8 cmd/built-in.o
 .text.is_mmc_active
                0x00000000000106f0        0x8 cmd/built-in.o
 .text.is_spi_active
                0x00000000000106f8        0x8 cmd/built-in.o
 .text.find_bubt_dev
                0x0000000000010700       0x5c cmd/built-in.o
                0x0000000000010700                find_bubt_dev
 .text.do_bubt_cmd
                0x000000000001075c      0x1cc cmd/built-in.o
                0x000000000001075c                do_bubt_cmd
 .text.board_init_f_alloc_reserve
                0x0000000000010928       0x10 common/built-in.o
                0x0000000000010928                board_init_f_alloc_reserve
 .text.board_init_f_init_reserve
                0x0000000000010938       0x30 common/built-in.o
                0x0000000000010938                board_init_f_init_reserve
 .text.show_boot_progress
                0x0000000000010968        0x8 common/built-in.o
                0x0000000000010968                show_boot_progress
 .text.main_loop
                0x0000000000010970       0x6c common/built-in.o
                0x0000000000010970                main_loop
 .text.mdelay   0x00000000000109dc       0x30 common/built-in.o
 .text.dummy    0x0000000000010a0c        0x4 common/built-in.o
 .text.get_version
                0x0000000000010a10        0x8 common/built-in.o
                0x0000000000010a10                get_version
 .text.jumptable_init
                0x0000000000010a18      0x208 common/built-in.o
                0x0000000000010a18                jumptable_init
 .text.hash_finish_crc32
                0x0000000000010c20       0x38 common/built-in.o
 .text.hash_update_crc32
                0x0000000000010c58       0x34 common/built-in.o
 .text.hash_init_crc32
                0x0000000000010c8c       0x30 common/built-in.o
 .text.hash_finish_sha256
                0x0000000000010cbc       0x48 common/built-in.o
 .text.hash_update_sha256
                0x0000000000010d04       0x24 common/built-in.o
 .text.hash_init_sha256
                0x0000000000010d28       0x34 common/built-in.o
 .text.hash_finish_sha1
                0x0000000000010d5c       0x48 common/built-in.o
 .text.hash_update_sha1
                0x0000000000010da4       0x24 common/built-in.o
 .text.hash_init_sha1
                0x0000000000010dc8       0x34 common/built-in.o
 .text.hash_lookup_algo
                0x0000000000010dfc       0x80 common/built-in.o
                0x0000000000010dfc                hash_lookup_algo
 .text.hash_command
                0x0000000000010e7c      0x1ec common/built-in.o
                0x0000000000010e7c                hash_command
 .text.b_reset  0x0000000000011068       0x18 common/built-in.o
 .text.static_get
                0x0000000000011080       0x1c common/built-in.o
 .text.file_peek
                0x000000000001109c        0xc common/built-in.o
 .text.mapset   0x00000000000110a8       0x20 common/built-in.o
 .text.syntax_err
                0x00000000000110c8        0xc common/built-in.o
 .text.free_pipe_list
                0x00000000000110d4       0xf4 common/built-in.o
 .text.xmalloc  0x00000000000111c8       0x28 common/built-in.o
 .text.new_pipe
                0x00000000000111f0       0x24 common/built-in.o
 .text.xrealloc
                0x0000000000011214       0x28 common/built-in.o
 .text.done_command
                0x000000000001123c       0x94 common/built-in.o
 .text.done_pipe
                0x00000000000112d0       0x50 common/built-in.o
 .text.done_word
                0x0000000000011320      0x2ac common/built-in.o
 .text.do_showvar
                0x00000000000115cc      0x110 common/built-in.o
 .text.is_assignment
                0x00000000000116dc       0x60 common/built-in.o
 .text.file_get
                0x000000000001173c      0x1f4 common/built-in.o
 .text.b_addchr
                0x0000000000011930       0x94 common/built-in.o
 .text.b_addqchr
                0x00000000000119c4       0x58 common/built-in.o
 .text.static_peek
                0x0000000000011a1c        0xc common/built-in.o
 .text.get_local_var
                0x0000000000011a28       0x98 common/built-in.o
                0x0000000000011a28                get_local_var
 .text.set_local_var
                0x0000000000011ac0      0x1b4 common/built-in.o
                0x0000000000011ac0                set_local_var
 .text.insert_var_value_sub
                0x0000000000011c74      0x2bc common/built-in.o
 .text.parse_string_outer
                0x0000000000011f30       0xfc common/built-in.o
                0x0000000000011f30                parse_string_outer
 .text.run_list_real
                0x000000000001202c      0x748 common/built-in.o
 .text.parse_stream_outer
                0x0000000000012774      0x694 common/built-in.o
 .text.parse_file_outer
                0x0000000000012e08       0x40 common/built-in.o
                0x0000000000012e08                parse_file_outer
 .text.u_boot_hush_start
                0x0000000000012e48       0x5c common/built-in.o
                0x0000000000012e48                u_boot_hush_start
 .text.bootdelay_process
                0x0000000000012ea4       0xbc common/built-in.o
                0x0000000000012ea4                bootdelay_process
 .text.autoboot_command
                0x0000000000012f60      0x10c common/built-in.o
                0x0000000000012f60                autoboot_command
 .text.setup_mon_len
                0x000000000001306c       0x20 common/built-in.o
 .text.reserve_round_4k
                0x000000000001308c       0x14 common/built-in.o
 .text.reserve_uboot
                0x00000000000130a0       0x2c common/built-in.o
 .text.reserve_malloc
                0x00000000000130cc       0x14 common/built-in.o
 .text.reserve_global_data
                0x00000000000130e0       0x1c common/built-in.o
 .text.reserve_fdt
                0x00000000000130fc       0x48 common/built-in.o
 .text.initf_console_record
                0x0000000000013144        0x8 common/built-in.o
 .text.arch_cpu_init_dm
                0x000000000001314c        0x8 common/built-in.o
                0x000000000001314c                arch_cpu_init_dm
 .text.reserve_mmu
                0x0000000000013154       0x4c common/built-in.o
 .text.announce_dram_init
                0x00000000000131a0       0x20 common/built-in.o
 .text.init_baud_rate
                0x00000000000131c0       0x3c common/built-in.o
 .text.mark_bootstage
                0x00000000000131fc       0x1c common/built-in.o
 .text.initf_dm
                0x0000000000013218        0x8 common/built-in.o
 .text.setup_reloc
                0x0000000000013220       0x3c common/built-in.o
 .text.reloc_fdt
                0x000000000001325c       0x44 common/built-in.o
 .text.reserve_board
                0x00000000000132a0       0x48 common/built-in.o
 .text.reserve_arch
                0x00000000000132e8        0x8 common/built-in.o
                0x00000000000132e8                reserve_arch
 .text.display_text_info
                0x00000000000132f0        0x8 common/built-in.o
 .text.mach_cpu_init
                0x00000000000132f8        0x8 common/built-in.o
                0x00000000000132f8                mach_cpu_init
 .text.reserve_trace
                0x0000000000013300        0x8 common/built-in.o
 .text.setup_machine
                0x0000000000013308        0x8 common/built-in.o
 .text.display_new_sp
                0x0000000000013310        0x8 common/built-in.o
 .text.board_add_ram_info
                0x0000000000013318        0x4 common/built-in.o
                0x0000000000013318                board_add_ram_info
 .text.show_dram_config
                0x000000000001331c       0x58 common/built-in.o
 .text.setup_dram_config
                0x0000000000013374       0x18 common/built-in.o
 .text.board_reserve_ram_top
                0x000000000001338c        0x4 common/built-in.o
                0x000000000001338c                board_reserve_ram_top
 .text.setup_dest_addr
                0x0000000000013390       0x58 common/built-in.o
 .text.reserve_stacks
                0x00000000000133e8       0x1c common/built-in.o
 .text.board_init_f
                0x0000000000013404       0x2c common/built-in.o
                0x0000000000013404                board_init_f
 .text.bootstage_relocate
                0x0000000000013430        0x8 common/built-in.o
 .text.initr_reloc
                0x0000000000013438       0x18 common/built-in.o
 .text.power_init_board
                0x0000000000013450        0x8 common/built-in.o
                0x0000000000013450                power_init_board
 .text.initr_announce
                0x0000000000013458        0x8 common/built-in.o
 .text.run_main_loop
                0x0000000000013460       0x10 common/built-in.o
 .text.initr_mv88e6xxx
                0x0000000000013470       0x1c common/built-in.o
 .text.initr_net
                0x000000000001348c       0x24 common/built-in.o
 .text.initr_ethaddr
                0x00000000000134b0       0x28 common/built-in.o
 .text.initr_enable_interrupts
                0x00000000000134d8       0x18 common/built-in.o
 .text.initr_jumptable
                0x00000000000134f0       0x18 common/built-in.o
 .text.initr_env
                0x0000000000013508       0x70 common/built-in.o
 .text.initr_mmc
                0x0000000000013578       0x28 common/built-in.o
 .text.initr_serial
                0x00000000000135a0       0x18 common/built-in.o
 .text.initr_bootstage
                0x00000000000135b8       0x1c common/built-in.o
 .text.initr_dm
                0x00000000000135d4       0x14 common/built-in.o
 .text.initr_malloc
                0x00000000000135e8       0x24 common/built-in.o
 .text.initr_reloc_global_data
                0x000000000001360c       0x3c common/built-in.o
 .text.initr_caches
                0x0000000000013648       0x18 common/built-in.o
 .text.initr_console_record
                0x0000000000013660        0x8 common/built-in.o
 .text.initr_trace
                0x0000000000013668        0x8 common/built-in.o
 .text.initr_pci
                0x0000000000013670        0x8 common/built-in.o
 .text.initr_barrier
                0x0000000000013678        0x8 common/built-in.o
 .text.cpu_secondary_init_r
                0x0000000000013680        0x4 common/built-in.o
                0x0000000000013680                cpu_secondary_init_r
 .text.initr_secondary_cpu
                0x0000000000013684       0x18 common/built-in.o
 .text.board_init_r
                0x000000000001369c       0x18 common/built-in.o
                0x000000000001369c                board_init_r
 .text.checkboard
                0x00000000000136b4        0x8 common/built-in.o
                0x00000000000136b4                checkboard
 .text.show_board_info
                0x00000000000136bc       0x3c common/built-in.o
                0x00000000000136bc                show_board_info
 .text.bootm_find_images
                0x00000000000136f8       0xa4 common/built-in.o
                0x00000000000136f8                bootm_find_images
 .text.bootm_decomp_image
                0x000000000001379c      0x180 common/built-in.o
                0x000000000001379c                bootm_decomp_image
 .text.bootm_disable_interrupts
                0x000000000001391c       0x28 common/built-in.o
                0x000000000001391c                bootm_disable_interrupts
 .text.do_bootm_states
                0x0000000000013944      0x6e8 common/built-in.o
                0x0000000000013944                do_bootm_states
 .text.copy_args
                0x000000000001402c       0x74 common/built-in.o
 .text.do_bootm_rtems
                0x00000000000140a0       0x50 common/built-in.o
 .text.do_bootm_plan9
                0x00000000000140f0       0xb8 common/built-in.o
 .text.do_bootm_standalone
                0x00000000000141a8       0x74 common/built-in.o
 .text.do_bootm_qnxelf
                0x000000000001421c       0x7c common/built-in.o
 .text.do_bootm_netbsd
                0x0000000000014298      0x12c common/built-in.o
 .text.do_bootvx_fdt
                0x00000000000143c4      0x11c common/built-in.o
                0x00000000000143c4                do_bootvx_fdt
 .text.do_bootm_vxworks
                0x00000000000144e0       0x2c common/built-in.o
 .text.arch_preboot_os
                0x000000000001450c        0x4 common/built-in.o
                0x000000000001450c                arch_preboot_os
 .text.boot_selected_os
                0x0000000000014510       0x78 common/built-in.o
                0x0000000000014510                boot_selected_os
 .text.bootm_os_get_boot_func
                0x0000000000014588       0x10 common/built-in.o
                0x0000000000014588                bootm_os_get_boot_func
 .text.regex_callback
                0x0000000000014598      0x144 common/built-in.o
 .text.env_attr_walk
                0x00000000000146dc      0x150 common/built-in.o
                0x00000000000146dc                env_attr_walk
 .text.env_attr_lookup
                0x000000000001482c       0x7c common/built-in.o
                0x000000000001482c                env_attr_lookup
 .text.clear_callback
                0x00000000000148a8        0xc common/built-in.o
 .text.find_env_callback
                0x00000000000148b4       0x7c common/built-in.o
 .text.on_callbacks
                0x0000000000014930       0x60 common/built-in.o
 .text.set_callback
                0x0000000000014990       0x90 common/built-in.o
 .text.env_callback_init
                0x0000000000014a20       0xbc common/built-in.o
                0x0000000000014a20                env_callback_init
 .text.skip_num
                0x0000000000014adc       0x70 common/built-in.o
 .text.clear_flags
                0x0000000000014b4c        0xc common/built-in.o
 .text.on_flags
                0x0000000000014b58       0x60 common/built-in.o
 .text.env_flags_parse_vartype
                0x0000000000014bb8       0x58 common/built-in.o
                0x0000000000014bb8                env_flags_parse_vartype
 .text.env_flags_parse_varaccess
                0x0000000000014c10       0x5c common/built-in.o
                0x0000000000014c10                env_flags_parse_varaccess
 .text.set_flags
                0x0000000000014c6c       0xac common/built-in.o
 .text.eth_validate_ethaddr_str
                0x0000000000014d18       0x9c common/built-in.o
                0x0000000000014d18                eth_validate_ethaddr_str
 .text.env_flags_init
                0x0000000000014db4       0xc8 common/built-in.o
                0x0000000000014db4                env_flags_init
 .text.env_flags_validate
                0x0000000000014e7c      0x2ac common/built-in.o
                0x0000000000014e7c                env_flags_validate
 .text.saveenv  0x0000000000015128       0xdc common/built-in.o
                0x0000000000015128                saveenv
 .text.env_relocate_spec
                0x0000000000015204       0xc4 common/built-in.o
                0x0000000000015204                env_relocate_spec
 .text.env_init
                0x00000000000152c8       0x1c common/built-in.o
                0x00000000000152c8                env_init
 .text.of_bus_default_map
                0x00000000000152e4       0xa0 common/built-in.o
 .text.of_bus_default_count_cells
                0x0000000000015384       0x70 common/built-in.o
                0x0000000000015384                of_bus_default_count_cells
 .text.of_bus_default_translate
                0x00000000000153f4       0xb4 common/built-in.o
 .text.fdt_find_and_setprop
                0x00000000000154a8       0x8c common/built-in.o
                0x00000000000154a8                fdt_find_and_setprop
 .text.fdt_find_or_add_subnode
                0x0000000000015534       0x74 common/built-in.o
                0x0000000000015534                fdt_find_or_add_subnode
 .text.fdt_root
                0x00000000000155a8       0x98 common/built-in.o
                0x00000000000155a8                fdt_root
 .text.fdt_initrd
                0x0000000000015640      0x1b4 common/built-in.o
                0x0000000000015640                fdt_initrd
 .text.fdt_chosen
                0x00000000000157f4       0xbc common/built-in.o
                0x00000000000157f4                fdt_chosen
 .text.do_fixup_by_path
                0x00000000000158b0       0x4c common/built-in.o
                0x00000000000158b0                do_fixup_by_path
 .text.fdt_fixup_memory_banks
                0x00000000000158fc      0x1ec common/built-in.o
                0x00000000000158fc                fdt_fixup_memory_banks
 .text.fdt_fixup_memory
                0x0000000000015ae8       0x2c common/built-in.o
                0x0000000000015ae8                fdt_fixup_memory
 .text.fdt_fixup_ethernet
                0x0000000000015b14      0x1a8 common/built-in.o
                0x0000000000015b14                fdt_fixup_ethernet
 .text.fdt_shrink_to_minimum
                0x0000000000015cbc       0xcc common/built-in.o
                0x0000000000015cbc                fdt_shrink_to_minimum
 .text.fdt_translate_address
                0x0000000000015d88      0x280 common/built-in.o
                0x0000000000015d88                fdt_translate_address
 .text.miiphy_get_dev_by_name
                0x0000000000016008       0x70 common/built-in.o
                0x0000000000016008                miiphy_get_dev_by_name
 .text.miiphy_init
                0x0000000000016078       0x1c common/built-in.o
                0x0000000000016078                miiphy_init
 .text.mdio_alloc
                0x0000000000016094       0x3c common/built-in.o
                0x0000000000016094                mdio_alloc
 .text.mdio_register
                0x00000000000160d0       0x94 common/built-in.o
                0x00000000000160d0                mdio_register
 .text.mdio_list_devices
                0x0000000000016164       0xd4 common/built-in.o
                0x0000000000016164                mdio_list_devices
 .text.miiphy_set_current_dev
                0x0000000000016238       0x48 common/built-in.o
                0x0000000000016238                miiphy_set_current_dev
 .text.miiphy_get_active_dev
                0x0000000000016280       0x60 common/built-in.o
 .text.mdio_get_current_dev
                0x00000000000162e0        0xc common/built-in.o
                0x00000000000162e0                mdio_get_current_dev
 .text.mdio_phydev_for_ethname
                0x00000000000162ec       0xa0 common/built-in.o
                0x00000000000162ec                mdio_phydev_for_ethname
 .text.miiphy_get_current_dev
                0x000000000001638c       0x18 common/built-in.o
                0x000000000001638c                miiphy_get_current_dev
 .text.miiphy_read
                0x00000000000163a4       0x5c common/built-in.o
                0x00000000000163a4                miiphy_read
 .text.miiphy_write
                0x0000000000016400       0x5c common/built-in.o
                0x0000000000016400                miiphy_write
 .text.miiphy_listdev
                0x000000000001645c       0x90 common/built-in.o
                0x000000000001645c                miiphy_listdev
 .text.miiphy_info
                0x00000000000164ec       0xa0 common/built-in.o
                0x00000000000164ec                miiphy_info
 .text.miiphy_is_1000base_x
                0x000000000001658c       0x40 common/built-in.o
                0x000000000001658c                miiphy_is_1000base_x
 .text.miiphy_speed
                0x00000000000165cc      0x120 common/built-in.o
                0x00000000000165cc                miiphy_speed
 .text.miiphy_duplex
                0x00000000000166ec      0x144 common/built-in.o
                0x00000000000166ec                miiphy_duplex
 .text.usb_set_maxpacket_ep
                0x0000000000016830       0x7c common/built-in.o
 .text.usb_control_msg
                0x00000000000168ac       0x9c common/built-in.o
                0x00000000000168ac                usb_control_msg
 .text.usb_get_descriptor
                0x0000000000016948       0x5c common/built-in.o
 .text.get_descriptor_len
                0x00000000000169a4       0xa4 common/built-in.o
 .text.usb_get_string
                0x0000000000016a48       0xa4 common/built-in.o
 .text.usb_string_sub
                0x0000000000016aec      0x114 common/built-in.o
 .text.usb_bulk_msg
                0x0000000000016c00       0x80 common/built-in.o
                0x0000000000016c00                usb_bulk_msg
 .text.usb_maxpacket
                0x0000000000016c80       0x20 common/built-in.o
                0x0000000000016c80                usb_maxpacket
 .text.usb_clear_halt
                0x0000000000016ca0       0xa0 common/built-in.o
                0x0000000000016ca0                usb_clear_halt
 .text.usb_get_configuration_len
                0x0000000000016d40       0x78 common/built-in.o
                0x0000000000016d40                usb_get_configuration_len
 .text.usb_get_configuration_no
                0x0000000000016db8       0x40 common/built-in.o
                0x0000000000016db8                usb_get_configuration_no
 .text.usb_set_interface
                0x0000000000016df8       0xbc common/built-in.o
                0x0000000000016df8                usb_set_interface
 .text.usb_string
                0x0000000000016eb4      0x110 common/built-in.o
                0x0000000000016eb4                usb_string
 .text.usb_select_config
                0x0000000000016fc4      0x4b4 common/built-in.o
                0x0000000000016fc4                usb_select_config
 .text.usb_setup_device
                0x0000000000017478      0x1bc common/built-in.o
                0x0000000000017478                usb_setup_device
 .text.usb_device_has_child_on_port
                0x0000000000017634        0x8 common/built-in.o
                0x0000000000017634                usb_device_has_child_on_port
 .text.usb_find_usb2_hub_address_port
                0x000000000001763c       0x90 common/built-in.o
                0x000000000001763c                usb_find_usb2_hub_address_port
 .text.usb_set_port_feature
                0x00000000000176cc       0x4c common/built-in.o
 .text.usb_clear_port_feature
                0x0000000000017718       0x4c common/built-in.o
 .text.usb_get_hub_descriptor
                0x0000000000017764       0x54 common/built-in.o
 .text.usb_hub_reset_devices
                0x00000000000177b8        0x4 common/built-in.o
                0x00000000000177b8                usb_hub_reset_devices
 .text.usb_get_port_status
                0x00000000000177bc       0x54 common/built-in.o
                0x00000000000177bc                usb_get_port_status
 .text.usb_hub_reset
                0x0000000000017810       0x1c common/built-in.o
                0x0000000000017810                usb_hub_reset
 .text.legacy_hub_port_reset
                0x000000000001782c       0xc0 common/built-in.o
                0x000000000001782c                legacy_hub_port_reset
 .text.usb_hub_port_connect_change
                0x00000000000178ec      0x128 common/built-in.o
                0x00000000000178ec                usb_hub_port_connect_change
 .text.usb_hub_configure
                0x0000000000017a14      0x4a0 common/built-in.o
 .text.usb_hub_scan
                0x0000000000017eb4       0x14 common/built-in.o
                0x0000000000017eb4                usb_hub_scan
 .text.usb_hub_post_probe
                0x0000000000017ec8        0x4 common/built-in.o
 .text.usb_stor_irq
                0x0000000000017ecc       0x18 common/built-in.o
 .text.usb_stor_BBB_reset
                0x0000000000017ee4      0x104 common/built-in.o
 .text.usb_stor_CB_reset
                0x0000000000017fe8       0xe0 common/built-in.o
 .text.usb_stor_BBB_clear_endpt_stall.isra.0
                0x00000000000180c8       0x4c common/built-in.o
 .text.usb_stor_BBB_transport
                0x0000000000018114      0x248 common/built-in.o
 .text.usb_stor_CB_comdat
                0x000000000001835c      0x1f4 common/built-in.o
 .text.usb_stor_CBI_get_status.isra.2
                0x0000000000018550       0xd4 common/built-in.o
 .text.usb_stor_CB_transport
                0x0000000000018624      0x214 common/built-in.o
 .text.usb_request_sense.constprop.10
                0x0000000000018838       0x8c common/built-in.o
 .text.usb_stor_read
                0x00000000000188c4      0x170 common/built-in.o
 .text.usb_stor_write
                0x0000000000018a34      0x170 common/built-in.o
 .text.usb_stor_info
                0x0000000000018ba4       0x80 common/built-in.o
                0x0000000000018ba4                usb_stor_info
 .text.usb_stor_reset
                0x0000000000018c24        0xc common/built-in.o
                0x0000000000018c24                usb_stor_reset
 .text.usb_stor_scan
                0x0000000000018c30       0x4c common/built-in.o
                0x0000000000018c30                usb_stor_scan
 .text.usb_storage_probe
                0x0000000000018c7c      0x230 common/built-in.o
                0x0000000000018c7c                usb_storage_probe
 .text.usb_stor_get_info
                0x0000000000018eac      0x314 common/built-in.o
                0x0000000000018eac                usb_stor_get_info
 .text.usb_mass_storage_probe
                0x00000000000191c0      0x194 common/built-in.o
 .text.scsi_ident_cpy
                0x0000000000019354       0x80 common/built-in.o
 .text.scsi_write
                0x00000000000193d4      0x170 common/built-in.o
 .text.scsi_setup_read16
                0x0000000000019544       0x88 common/built-in.o
                0x0000000000019544                scsi_setup_read16
 .text.scsi_read
                0x00000000000195cc      0x1c4 common/built-in.o
 .text.scsi_scan
                0x0000000000019790      0x500 common/built-in.o
                0x0000000000019790                scsi_scan
 .text.env_get_char_spec
                0x0000000000019c90        0xc common/built-in.o
                0x0000000000019c90                env_get_char_spec
 .text.env_get_addr
                0x0000000000019c9c       0x24 common/built-in.o
                0x0000000000019c9c                env_get_addr
 .text.env_get_char_memory
                0x0000000000019cc0       0x18 common/built-in.o
                0x0000000000019cc0                env_get_char_memory
 .text.env_get_char
                0x0000000000019cd8       0x2c common/built-in.o
                0x0000000000019cd8                env_get_char
 .text.getenv_yesno
                0x0000000000019d04       0x44 common/built-in.o
                0x0000000000019d04                getenv_yesno
 .text.getenv_default
                0x0000000000019d48       0x3c common/built-in.o
                0x0000000000019d48                getenv_default
 .text.set_default_env
                0x0000000000019d84       0xbc common/built-in.o
                0x0000000000019d84                set_default_env
 .text.set_default_vars
                0x0000000000019e40       0x2c common/built-in.o
                0x0000000000019e40                set_default_vars
 .text.env_import
                0x0000000000019e6c       0xdc common/built-in.o
                0x0000000000019e6c                env_import
 .text.env_export
                0x0000000000019f48       0x94 common/built-in.o
                0x0000000000019f48                env_export
 .text.env_relocate
                0x0000000000019fdc       0x2c common/built-in.o
                0x0000000000019fdc                env_relocate
 .text.env_complete
                0x000000000001a008      0x100 common/built-in.o
                0x000000000001a008                env_complete
 .text.console_setfile
                0x000000000001a108       0xd0 common/built-in.o
 .text.putc     0x000000000001a1d8       0x44 common/built-in.o
                0x000000000001a1d8                putc
 .text.puts     0x000000000001a21c       0x74 common/built-in.o
                0x000000000001a21c                puts
 .text.fgetc    0x000000000001a290       0x24 common/built-in.o
                0x000000000001a290                fgetc
 .text.getc     0x000000000001a2b4       0x24 common/built-in.o
                0x000000000001a2b4                getc
 .text.ftstc    0x000000000001a2d8       0x24 common/built-in.o
                0x000000000001a2d8                ftstc
 .text.tstc     0x000000000001a2fc       0x24 common/built-in.o
                0x000000000001a2fc                tstc
 .text.ctrlc    0x000000000001a320       0x58 common/built-in.o
                0x000000000001a320                ctrlc
 .text.disable_ctrlc
                0x000000000001a378       0x14 common/built-in.o
                0x000000000001a378                disable_ctrlc
 .text.had_ctrlc
                0x000000000001a38c        0xc common/built-in.o
                0x000000000001a38c                had_ctrlc
 .text.clear_ctrlc
                0x000000000001a398        0xc common/built-in.o
                0x000000000001a398                clear_ctrlc
 .text.search_device
                0x000000000001a3a4       0x3c common/built-in.o
                0x000000000001a3a4                search_device
 .text.console_assign
                0x000000000001a3e0       0x60 common/built-in.o
                0x000000000001a3e0                console_assign
 .text.on_console
                0x000000000001a440       0xc4 common/built-in.o
 .text.console_init_f
                0x000000000001a504       0x10 common/built-in.o
                0x000000000001a504                console_init_f
 .text.console_init_r
                0x000000000001a514       0xe0 common/built-in.o
                0x000000000001a514                console_init_r
 .text.sbrk     0x000000000001a5f4       0x70 common/built-in.o
                0x000000000001a5f4                sbrk
 .text.mem_malloc_init
                0x000000000001a664       0x20 common/built-in.o
                0x000000000001a664                mem_malloc_init
 .text.malloc_trim
                0x000000000001a684       0xd4 common/built-in.o
                0x000000000001a684                malloc_trim
 .text.free     0x000000000001a758      0x234 common/built-in.o
                0x000000000001a758                free
 .text.malloc   0x000000000001a98c      0x648 common/built-in.o
                0x000000000001a98c                malloc
 .text.calloc   0x000000000001afd4       0xe0 common/built-in.o
                0x000000000001afd4                calloc
 .text.realloc  0x000000000001b0b4      0x480 common/built-in.o
                0x000000000001b0b4                realloc
 .text.memalign
                0x000000000001b534      0x194 common/built-in.o
                0x000000000001b534                memalign
 .text.initf_malloc
                0x000000000001b6c8       0x18 common/built-in.o
                0x000000000001b6c8                initf_malloc
 .text.malloc_simple
                0x000000000001b6e0       0x38 common/built-in.o
                0x000000000001b6e0                malloc_simple
 .text.on_loadaddr
                0x000000000001b718       0x38 common/built-in.o
 .text.image_check_hcrc
                0x000000000001b750       0x50 common/built-in.o
                0x000000000001b750                image_check_hcrc
 .text.image_check_dcrc
                0x000000000001b7a0       0x44 common/built-in.o
                0x000000000001b7a0                image_check_dcrc
 .text.image_multi_count
                0x000000000001b7e4       0x1c common/built-in.o
                0x000000000001b7e4                image_multi_count
 .text.image_multi_getimg
                0x000000000001b800       0x88 common/built-in.o
                0x000000000001b800                image_multi_getimg
 .text.getenv_bootm_low
                0x000000000001b888       0x30 common/built-in.o
                0x000000000001b888                getenv_bootm_low
 .text.getenv_bootm_size
                0x000000000001b8b8       0x78 common/built-in.o
                0x000000000001b8b8                getenv_bootm_size
 .text.getenv_bootm_mapsize
                0x000000000001b930       0x30 common/built-in.o
                0x000000000001b930                getenv_bootm_mapsize
 .text.memmove_wd
                0x000000000001b960       0x10 common/built-in.o
                0x000000000001b960                memmove_wd
 .text.genimg_print_size
                0x000000000001b970       0x38 common/built-in.o
                0x000000000001b970                genimg_print_size
 .text.get_table_entry
                0x000000000001b9a8       0x20 common/built-in.o
                0x000000000001b9a8                get_table_entry
 .text.get_table_entry_name
                0x000000000001b9c8       0x2c common/built-in.o
                0x000000000001b9c8                get_table_entry_name
 .text.genimg_get_os_name
                0x000000000001b9f4       0x18 common/built-in.o
                0x000000000001b9f4                genimg_get_os_name
 .text.genimg_get_arch_name
                0x000000000001ba0c       0x18 common/built-in.o
                0x000000000001ba0c                genimg_get_arch_name
 .text.genimg_get_type_name
                0x000000000001ba24       0x18 common/built-in.o
                0x000000000001ba24                genimg_get_type_name
 .text.genimg_get_comp_name
                0x000000000001ba3c       0x18 common/built-in.o
                0x000000000001ba3c                genimg_get_comp_name
 .text.image_print_contents
                0x000000000001ba54      0x1b8 common/built-in.o
                0x000000000001ba54                image_print_contents
 .text.genimg_get_kernel_addr_fit
                0x000000000001bc0c       0x1c common/built-in.o
                0x000000000001bc0c                genimg_get_kernel_addr_fit
 .text.genimg_get_format
                0x000000000001bc28       0x3c common/built-in.o
                0x000000000001bc28                genimg_get_format
 .text.genimg_get_image
                0x000000000001bc64        0x4 common/built-in.o
                0x000000000001bc64                genimg_get_image
 .text.genimg_has_config
                0x000000000001bc68        0x8 common/built-in.o
                0x000000000001bc68                genimg_has_config
 .text.boot_get_ramdisk
                0x000000000001bc70      0x230 common/built-in.o
                0x000000000001bc70                boot_get_ramdisk
 .text.boot_ramdisk_high
                0x000000000001bea0      0x144 common/built-in.o
                0x000000000001bea0                boot_ramdisk_high
 .text.boot_get_setup
                0x000000000001bfe4        0x8 common/built-in.o
                0x000000000001bfe4                boot_get_setup
 .text.image_setup_linux
                0x000000000001bfec       0x70 common/built-in.o
                0x000000000001bfec                image_setup_linux
 .text.fdt_error
                0x000000000001c05c       0x38 common/built-in.o
 .text.boot_fdt_add_mem_rsv_regions
                0x000000000001c094       0x94 common/built-in.o
                0x000000000001c094                boot_fdt_add_mem_rsv_regions
 .text.boot_relocate_fdt
                0x000000000001c128      0x1b4 common/built-in.o
                0x000000000001c128                boot_relocate_fdt
 .text.boot_get_fdt
                0x000000000001c2dc      0x2a0 common/built-in.o
                0x000000000001c2dc                boot_get_fdt
 .text.ft_verify_fdt
                0x000000000001c57c        0x8 common/built-in.o
                0x000000000001c57c                ft_verify_fdt
 .text.image_setup_libfdt
                0x000000000001c584      0x114 common/built-in.o
                0x000000000001c584                image_setup_libfdt
 .text.get_effective_memsize
                0x000000000001c698        0x8 common/built-in.o
                0x000000000001c698                get_effective_memsize
 .text.stdio_serial_tstc
                0x000000000001c6a0        0x4 common/built-in.o
 .text.stdio_serial_getc
                0x000000000001c6a4        0x4 common/built-in.o
 .text.stdio_serial_puts
                0x000000000001c6a8        0x8 common/built-in.o
 .text.stdio_serial_putc
                0x000000000001c6b0        0x8 common/built-in.o
 .text.stdio_get_list
                0x000000000001c6b8       0x10 common/built-in.o
                0x000000000001c6b8                stdio_get_list
 .text.stdio_get_by_name
                0x000000000001c6c8       0x70 common/built-in.o
                0x000000000001c6c8                stdio_get_by_name
 .text.stdio_clone
                0x000000000001c738       0x5c common/built-in.o
                0x000000000001c738                stdio_clone
 .text.stdio_register_dev
                0x000000000001c794       0x58 common/built-in.o
                0x000000000001c794                stdio_register_dev
 .text.stdio_register
                0x000000000001c7ec        0x8 common/built-in.o
                0x000000000001c7ec                stdio_register
 .text.stdio_init_tables
                0x000000000001c7f4       0x18 common/built-in.o
                0x000000000001c7f4                stdio_init_tables
 .text.stdio_add_devices
                0x000000000001c80c       0x78 common/built-in.o
                0x000000000001c80c                stdio_add_devices
 .text.run_command
                0x000000000001c884       0x18 common/built-in.o
                0x000000000001c884                run_command
 .text.run_command_list
                0x000000000001c89c       0x8c common/built-in.o
                0x000000000001c89c                run_command_list
 .text.do_run   0x000000000001c928       0x84 common/built-in.o
                0x000000000001c928                do_run
 .text.cli_process_fdt
                0x000000000001c9ac       0x50 common/built-in.o
                0x000000000001c9ac                cli_process_fdt
 .text.cli_secure_boot_cmd
                0x000000000001c9fc       0x74 common/built-in.o
                0x000000000001c9fc                cli_secure_boot_cmd
 .text.cli_loop
                0x000000000001ca70       0x10 common/built-in.o
                0x000000000001ca70                cli_loop
 .text.cli_init
                0x000000000001ca80        0x4 common/built-in.o
                0x000000000001ca80                cli_init
 .text.delete_char.part.0
                0x000000000001ca84       0xf8 common/built-in.o
 .text.cread_add_char
                0x000000000001cb7c       0xfc common/built-in.o
 .text.cli_readline_into_buffer
                0x000000000001cc78      0x990 common/built-in.o
                0x000000000001cc78                cli_readline_into_buffer
 .text.cli_readline
                0x000000000001d608       0x14 common/built-in.o
                0x000000000001d608                cli_readline
 .text.find_cmd_tbl
                0x000000000001d61c       0xc8 common/built-in.o
                0x000000000001d61c                find_cmd_tbl
 .text.find_cmd
                0x000000000001d6e4       0x28 common/built-in.o
                0x000000000001d6e4                find_cmd
 .text.cmd_usage
                0x000000000001d70c       0x68 common/built-in.o
                0x000000000001d70c                cmd_usage
 .text._do_help
                0x000000000001d774      0x19c common/built-in.o
                0x000000000001d774                _do_help
 .text.var_complete
                0x000000000001d910       0x80 common/built-in.o
                0x000000000001d910                var_complete
 .text.cmd_auto_complete
                0x000000000001d990      0x504 common/built-in.o
                0x000000000001d990                cmd_auto_complete
 .text.cmd_get_data_size
                0x000000000001de94       0x70 common/built-in.o
                0x000000000001de94                cmd_get_data_size
 .text.cmd_process
                0x000000000001df04      0x110 common/built-in.o
                0x000000000001df04                cmd_process
 .text.cmd_process_error
                0x000000000001e014       0x34 common/built-in.o
                0x000000000001e014                cmd_process_error
 .text.hex1_bin
                0x000000000001e048       0x48 common/built-in.o
 .text.hex2_bin
                0x000000000001e090       0x40 common/built-in.o
 .text.srec_decode
                0x000000000001e0d0      0x22c common/built-in.o
                0x000000000001e0d0                srec_decode
 .text.CYGACC_COMM_IF_GETC_TIMEOUT.isra.0
                0x000000000001e2fc       0x54 common/built-in.o
 .text.xyzModem_flush
                0x000000000001e350       0x1c common/built-in.o
 .text.xyzModem_get_hdr
                0x000000000001e36c      0x21c common/built-in.o
 .text.xyzModem_stream_open
                0x000000000001e588      0x28c common/built-in.o
                0x000000000001e588                xyzModem_stream_open
 .text.xyzModem_stream_read
                0x000000000001e814      0x29c common/built-in.o
                0x000000000001e814                xyzModem_stream_read
 .text.xyzModem_stream_close
                0x000000000001eab0       0x40 common/built-in.o
                0x000000000001eab0                xyzModem_stream_close
 .text.xyzModem_stream_terminate
                0x000000000001eaf0       0xa8 common/built-in.o
                0x000000000001eaf0                xyzModem_stream_terminate
 .text.xyzModem_error
                0x000000000001eb98       0x28 common/built-in.o
                0x000000000001eb98                xyzModem_error
 .text.blk_get_dev
                0x000000000001ebc0       0x3c disk/built-in.o
                0x000000000001ebc0                blk_get_dev
 .text.dev_print
                0x000000000001ebfc      0x210 disk/built-in.o
                0x000000000001ebfc                dev_print
 .text.part_init
                0x000000000001ee0c       0x90 disk/built-in.o
                0x000000000001ee0c                part_init
 .text.part_print
                0x000000000001ee9c      0x16c disk/built-in.o
                0x000000000001ee9c                part_print
 .text.part_get_info
                0x000000000001f008       0x98 disk/built-in.o
                0x000000000001f008                part_get_info
 .text.blk_get_device_by_str
                0x000000000001f0a0      0x164 disk/built-in.o
                0x000000000001f0a0                blk_get_device_by_str
 .text.blk_get_device_part_str
                0x000000000001f204      0x3c8 disk/built-in.o
                0x000000000001f204                blk_get_device_part_str
 .text.part_set_generic_name
                0x000000000001f5cc       0x48 disk/built-in.o
                0x000000000001f5cc                part_set_generic_name
 .text.part_mac_read_ddb
                0x000000000001f614       0x58 disk/built-in.o
 .text.part_test_mac
                0x000000000001f66c       0x9c disk/built-in.o
 .text.part_print_mac
                0x000000000001f708      0x1d4 disk/built-in.o
 .text.part_get_info_mac
                0x000000000001f8dc      0x150 disk/built-in.o
 .text.test_block_type
                0x000000000001fa2c       0x8c disk/built-in.o
 .text.print_partition_extended
                0x000000000001fab8      0x24c disk/built-in.o
 .text.part_print_dos
                0x000000000001fd04       0x3c disk/built-in.o
                0x000000000001fd04                part_print_dos
 .text.part_test_dos
                0x000000000001fd40       0x68 disk/built-in.o
 .text.part_get_info_extended
                0x000000000001fda8      0x2b0 disk/built-in.o
 .text.part_get_info_dos
                0x0000000000020058       0x1c disk/built-in.o
                0x0000000000020058                part_get_info_dos
 .text.iso_dread
                0x0000000000020074       0x48 disk/built-in.o
                0x0000000000020074                iso_dread
 .text.part_get_info_iso_verb
                0x00000000000200bc      0x388 disk/built-in.o
                0x00000000000200bc                part_get_info_iso_verb
 .text.part_test_iso
                0x0000000000020444       0x20 disk/built-in.o
 .text.part_print_iso
                0x0000000000020464       0xa4 disk/built-in.o
 .text.part_get_info_iso
                0x0000000000020508        0x8 disk/built-in.o
 .text.print_efiname
                0x0000000000020510       0x60 disk/built-in.o
 .text.part_test_efi
                0x0000000000020570       0xb4 disk/built-in.o
 .text.validate_gpt_entries
                0x0000000000020624       0xa8 disk/built-in.o
 .text.validate_gpt_header
                0x00000000000206cc      0x230 disk/built-in.o
 .text.is_gpt_valid
                0x00000000000208fc      0x1dc disk/built-in.o
 .text.is_pte_valid
                0x0000000000020ad8       0x64 disk/built-in.o
 .text.part_print_efi
                0x0000000000020b3c      0x27c disk/built-in.o
                0x0000000000020b3c                part_print_efi
 .text.part_get_info_efi
                0x0000000000020db8      0x240 disk/built-in.o
                0x0000000000020db8                part_get_info_efi
 .text.device_bind_common.isra.0
                0x0000000000020ff8      0x308 drivers/built-in.o
 .text.alloc_priv
                0x0000000000021300       0x5c drivers/built-in.o
 .text.device_bind_with_driver_data
                0x000000000002135c       0x14 drivers/built-in.o
                0x000000000002135c                device_bind_with_driver_data
 .text.device_bind
                0x0000000000021370       0x10 drivers/built-in.o
                0x0000000000021370                device_bind
 .text.device_bind_by_name
                0x0000000000021380       0x7c drivers/built-in.o
                0x0000000000021380                device_bind_by_name
 .text.device_probe
                0x00000000000213fc      0x268 drivers/built-in.o
                0x00000000000213fc                device_probe
 .text.dev_get_platdata
                0x0000000000021664       0x34 drivers/built-in.o
                0x0000000000021664                dev_get_platdata
 .text.dev_get_parent_platdata
                0x0000000000021698       0x34 drivers/built-in.o
                0x0000000000021698                dev_get_parent_platdata
 .text.dev_get_uclass_platdata
                0x00000000000216cc       0x34 drivers/built-in.o
                0x00000000000216cc                dev_get_uclass_platdata
 .text.dev_get_priv
                0x0000000000021700       0x34 drivers/built-in.o
                0x0000000000021700                dev_get_priv
 .text.dev_get_uclass_priv
                0x0000000000021734       0x34 drivers/built-in.o
                0x0000000000021734                dev_get_uclass_priv
 .text.dev_get_parent_priv
                0x0000000000021768       0x34 drivers/built-in.o
                0x0000000000021768                dev_get_parent_priv
 .text.device_get_child
                0x000000000002179c       0x6c drivers/built-in.o
                0x000000000002179c                device_get_child
 .text.device_find_first_child
                0x0000000000021808       0x28 drivers/built-in.o
                0x0000000000021808                device_find_first_child
 .text.device_find_next_child
                0x0000000000021830       0x30 drivers/built-in.o
                0x0000000000021830                device_find_next_child
 .text.dev_get_parent
                0x0000000000021860        0x8 drivers/built-in.o
                0x0000000000021860                dev_get_parent
 .text.dev_get_driver_data
                0x0000000000021868        0x8 drivers/built-in.o
                0x0000000000021868                dev_get_driver_data
 .text.dev_get_driver_ops
                0x0000000000021870       0x18 drivers/built-in.o
                0x0000000000021870                dev_get_driver_ops
 .text.device_get_uclass_id
                0x0000000000021888       0x10 drivers/built-in.o
                0x0000000000021888                device_get_uclass_id
 .text.dev_get_addr_index
                0x0000000000021898       0xc4 drivers/built-in.o
                0x0000000000021898                dev_get_addr_index
 .text.dev_get_addr
                0x000000000002195c        0x8 drivers/built-in.o
                0x000000000002195c                dev_get_addr
 .text.dev_get_addr_ptr
                0x0000000000021964        0x8 drivers/built-in.o
                0x0000000000021964                dev_get_addr_ptr
 .text.device_has_active_children
                0x000000000002196c       0x38 drivers/built-in.o
                0x000000000002196c                device_has_active_children
 .text.device_is_last_sibling
                0x00000000000219a4       0x24 drivers/built-in.o
                0x00000000000219a4                device_is_last_sibling
 .text.device_set_name_alloced
                0x00000000000219c8       0x10 drivers/built-in.o
                0x00000000000219c8                device_set_name_alloced
 .text.device_set_name
                0x00000000000219d8       0x44 drivers/built-in.o
                0x00000000000219d8                device_set_name
 .text.of_device_is_compatible
                0x0000000000021a1c       0x2c drivers/built-in.o
                0x0000000000021a1c                of_device_is_compatible
 .text.of_machine_is_compatible
                0x0000000000021a48       0x2c drivers/built-in.o
                0x0000000000021a48                of_machine_is_compatible
 .text.lists_driver_lookup_name
                0x0000000000021a74       0x84 drivers/built-in.o
                0x0000000000021a74                lists_driver_lookup_name
 .text.lists_uclass_lookup
                0x0000000000021af8       0x48 drivers/built-in.o
                0x0000000000021af8                lists_uclass_lookup
 .text.lists_bind_drivers
                0x0000000000021b40       0xb4 drivers/built-in.o
                0x0000000000021b40                lists_bind_drivers
 .text.device_bind_driver_to_node
                0x0000000000021bf4       0x68 drivers/built-in.o
                0x0000000000021bf4                device_bind_driver_to_node
 .text.device_bind_driver
                0x0000000000021c5c        0xc drivers/built-in.o
                0x0000000000021c5c                device_bind_driver
 .text.lists_bind_fdt
                0x0000000000021c68      0x1c0 drivers/built-in.o
                0x0000000000021c68                lists_bind_fdt
 .text.dm_root  0x0000000000021e28       0x38 drivers/built-in.o
                0x0000000000021e28                dm_root
 .text.dm_get_translation_offset
                0x0000000000021e60       0x1c drivers/built-in.o
                0x0000000000021e60                dm_get_translation_offset
 .text.dm_init  0x0000000000021e7c       0x64 drivers/built-in.o
                0x0000000000021e7c                dm_init
 .text.dm_remove_devices_flags
                0x0000000000021ee0       0x2c drivers/built-in.o
                0x0000000000021ee0                dm_remove_devices_flags
 .text.dm_scan_platdata
                0x0000000000021f0c       0x34 drivers/built-in.o
                0x0000000000021f0c                dm_scan_platdata
 .text.dm_scan_fdt_node
                0x0000000000021f40       0xd0 drivers/built-in.o
                0x0000000000021f40                dm_scan_fdt_node
 .text.dm_scan_fdt_dev
                0x0000000000022010       0x28 drivers/built-in.o
                0x0000000000022010                dm_scan_fdt_dev
 .text.dm_scan_fdt
                0x0000000000022038       0x18 drivers/built-in.o
                0x0000000000022038                dm_scan_fdt
 .text.dm_scan_other
                0x0000000000022050        0x8 drivers/built-in.o
                0x0000000000022050                dm_scan_other
 .text.dm_init_and_scan
                0x0000000000022058       0x50 drivers/built-in.o
                0x0000000000022058                dm_init_and_scan
 .text.uclass_find
                0x00000000000220a8       0x48 drivers/built-in.o
                0x00000000000220a8                uclass_find
 .text.uclass_get
                0x00000000000220f0      0x124 drivers/built-in.o
                0x00000000000220f0                uclass_get
 .text.uclass_find_device
                0x0000000000022214       0x80 drivers/built-in.o
                0x0000000000022214                uclass_find_device
 .text.uclass_find_first_device
                0x0000000000022294       0x4c drivers/built-in.o
                0x0000000000022294                uclass_find_first_device
 .text.uclass_find_next_device
                0x00000000000222e0       0x2c drivers/built-in.o
                0x00000000000222e0                uclass_find_next_device
 .text.uclass_find_device_by_seq
                0x000000000002230c       0x94 drivers/built-in.o
                0x000000000002230c                uclass_find_device_by_seq
 .text.uclass_find_device_by_of_offset
                0x00000000000223a0       0x7c drivers/built-in.o
                0x00000000000223a0                uclass_find_device_by_of_offset
 .text.uclass_get_device_tail
                0x000000000002241c       0x3c drivers/built-in.o
                0x000000000002241c                uclass_get_device_tail
 .text.uclass_get_device
                0x0000000000022458       0x38 drivers/built-in.o
                0x0000000000022458                uclass_get_device
 .text.uclass_get_device_by_seq
                0x0000000000022490       0x68 drivers/built-in.o
                0x0000000000022490                uclass_get_device_by_seq
 .text.uclass_get_device_by_of_offset
                0x00000000000224f8       0x38 drivers/built-in.o
                0x00000000000224f8                uclass_get_device_by_of_offset
 .text.uclass_get_device_by_phandle
                0x0000000000022530       0xc8 drivers/built-in.o
                0x0000000000022530                uclass_get_device_by_phandle
 .text.uclass_first_device
                0x00000000000225f8       0x44 drivers/built-in.o
                0x00000000000225f8                uclass_first_device
 .text.uclass_first_device_err
                0x000000000002263c       0x34 drivers/built-in.o
                0x000000000002263c                uclass_first_device_err
 .text.uclass_next_device
                0x0000000000022670       0x44 drivers/built-in.o
                0x0000000000022670                uclass_next_device
 .text.uclass_bind_device
                0x00000000000226b4       0x88 drivers/built-in.o
                0x00000000000226b4                uclass_bind_device
 .text.uclass_unbind_device
                0x000000000002273c       0x4c drivers/built-in.o
                0x000000000002273c                uclass_unbind_device
 .text.uclass_resolve_seq
                0x0000000000022788       0xb0 drivers/built-in.o
                0x0000000000022788                uclass_resolve_seq
 .text.uclass_pre_probe_device
                0x0000000000022838       0x68 drivers/built-in.o
                0x0000000000022838                uclass_pre_probe_device
 .text.uclass_post_probe_device
                0x00000000000228a0       0x1c drivers/built-in.o
                0x00000000000228a0                uclass_post_probe_device
 .text.uclass_pre_remove_device
                0x00000000000228bc       0x1c drivers/built-in.o
                0x00000000000228bc                uclass_pre_remove_device
 .text.dm_warn  0x00000000000228d8       0x78 drivers/built-in.o
                0x00000000000228d8                dm_warn
 .text.device_unbind
                0x0000000000022950      0x134 drivers/built-in.o
                0x0000000000022950                device_unbind
 .text.device_free
                0x0000000000022a84       0x80 drivers/built-in.o
                0x0000000000022a84                device_free
 .text.device_remove
                0x0000000000022b04      0x180 drivers/built-in.o
                0x0000000000022b04                device_remove
 .text.simple_bus_post_bind
                0x0000000000022c84       0x64 drivers/built-in.o
 .text.show_devices
                0x0000000000022ce8      0x130 drivers/built-in.o
 .text.dm_dump_all
                0x0000000000022e18       0x54 drivers/built-in.o
                0x0000000000022e18                dm_dump_all
 .text.dm_dump_uclass
                0x0000000000022e6c      0x118 drivers/built-in.o
                0x0000000000022e6c                dm_dump_uclass
 .text.pinconfig_post_bind
                0x0000000000022f84      0x100 drivers/built-in.o
 .text.pinctrl_post_bind
                0x0000000000023084       0x28 drivers/built-in.o
 .text.pinctrl_select_state
                0x00000000000230ac      0x19c drivers/built-in.o
                0x00000000000230ac                pinctrl_select_state
 .text.pinctrl_generic_set_state_subnode
                0x0000000000023248      0x2a0 drivers/built-in.o
 .text.pinctrl_generic_set_state
                0x00000000000234e8       0x58 drivers/built-in.o
                0x00000000000234e8                pinctrl_generic_set_state
 .text.armada_37xx_pmx_get_func_name
                0x0000000000023540       0x30 drivers/built-in.o
 .text.armada_37xx_pmx_get_funcs_count
                0x0000000000023570       0x18 drivers/built-in.o
 .text.armada_37xx_pmx_get_group_name
                0x0000000000023588       0x38 drivers/built-in.o
 .text.armada_37xx_pmx_get_groups_count
                0x00000000000235c0       0x18 drivers/built-in.o
 .text.armada_37xx_gpio_get_direction
                0x00000000000235d8       0x50 drivers/built-in.o
 .text.armada_37xx_gpio_set
                0x0000000000023628       0x64 drivers/built-in.o
 .text.armada_37xx_gpio_get
                0x000000000002368c       0x50 drivers/built-in.o
 .text.armada_37xx_gpio_direction_output
                0x00000000000236dc       0x68 drivers/built-in.o
 .text.armada_37xx_gpio_direction_input
                0x0000000000023744       0x50 drivers/built-in.o
 .text.armada_37xx_pmx_group_set
                0x0000000000023794       0xa8 drivers/built-in.o
 .text.armada_37xx_gpio_probe
                0x000000000002383c       0x48 drivers/built-in.o
 .text.armada_37xx_pinctrl_probe
                0x0000000000023884      0x330 drivers/built-in.o
                0x0000000000023884                armada_37xx_pinctrl_probe
 .text.get_desc
                0x0000000000023bb4       0xd0 drivers/built-in.o
 .text.blk_get_devnum_by_typename
                0x0000000000023c84       0xf8 drivers/built-in.o
                0x0000000000023c84                blk_get_devnum_by_typename
 .text.blk_list_part
                0x0000000000023d7c       0x7c drivers/built-in.o
                0x0000000000023d7c                blk_list_part
 .text.blk_print_part_devnum
                0x0000000000023df8       0x3c drivers/built-in.o
                0x0000000000023df8                blk_print_part_devnum
 .text.blk_list_devices
                0x0000000000023e34       0x78 drivers/built-in.o
                0x0000000000023e34                blk_list_devices
 .text.blk_print_device_num
                0x0000000000023eac       0x48 drivers/built-in.o
                0x0000000000023eac                blk_print_device_num
 .text.blk_show_device
                0x0000000000023ef4       0x7c drivers/built-in.o
                0x0000000000023ef4                blk_show_device
 .text.blk_select_hwpart
                0x0000000000023f70       0x28 drivers/built-in.o
                0x0000000000023f70                blk_select_hwpart
 .text.blk_dselect_hwpart
                0x0000000000023f98        0x8 drivers/built-in.o
                0x0000000000023f98                blk_dselect_hwpart
 .text.blk_first_device
                0x0000000000023fa0       0x60 drivers/built-in.o
                0x0000000000023fa0                blk_first_device
 .text.blk_next_device
                0x0000000000024000       0x58 drivers/built-in.o
                0x0000000000024000                blk_next_device
 .text.blk_get_device
                0x0000000000024058       0x98 drivers/built-in.o
                0x0000000000024058                blk_get_device
 .text.blk_get_devnum_by_type
                0x00000000000240f0       0x2c drivers/built-in.o
                0x00000000000240f0                blk_get_devnum_by_type
 .text.blk_select_hwpart_devnum
                0x000000000002411c       0x34 drivers/built-in.o
                0x000000000002411c                blk_select_hwpart_devnum
 .text.blk_dread
                0x0000000000024150       0xb8 drivers/built-in.o
                0x0000000000024150                blk_dread
 .text.blk_read_devnum
                0x0000000000024208       0x78 drivers/built-in.o
                0x0000000000024208                blk_read_devnum
 .text.blk_dwrite
                0x0000000000024280       0x80 drivers/built-in.o
                0x0000000000024280                blk_dwrite
 .text.blk_write_devnum
                0x0000000000024300       0x54 drivers/built-in.o
                0x0000000000024300                blk_write_devnum
 .text.blk_derase
                0x0000000000024354       0x6c drivers/built-in.o
                0x0000000000024354                blk_derase
 .text.blk_prepare_device
                0x00000000000243c0       0x1c drivers/built-in.o
                0x00000000000243c0                blk_prepare_device
 .text.blk_find_max_devnum
                0x00000000000243dc       0x88 drivers/built-in.o
                0x00000000000243dc                blk_find_max_devnum
 .text.blk_create_device
                0x0000000000024464       0xd0 drivers/built-in.o
                0x0000000000024464                blk_create_device
 .text.blk_create_devicef
                0x0000000000024534       0xc8 drivers/built-in.o
                0x0000000000024534                blk_create_devicef
 .text.blk_unbind_all
                0x00000000000245fc       0xa0 drivers/built-in.o
                0x00000000000245fc                blk_unbind_all
 .text.scsi_post_probe
                0x000000000002469c       0x74 drivers/built-in.o
 .text.scsi_post_bind
                0x0000000000024710       0x84 drivers/built-in.o
 .text.ata_id_strcpy
                0x0000000000024794       0x30 drivers/built-in.o
 .text.ahci_port_start
                0x00000000000247c4      0x13c drivers/built-in.o
 .text.ahci_device_data_io.constprop.3
                0x0000000000024900      0x1dc drivers/built-in.o
 .text.ata_scsiop_inquiry
                0x0000000000024adc      0x168 drivers/built-in.o
 .text.ata_scsiop_read_write